63 INFO: PyInstaller: 6.22.0, contrib hooks: 2026.7
63 INFO: Python: 3.14.2
71 INFO: Platform: macOS-26.6.2-arm64-arm-64bit-Mach-O
71 INFO: Python environment: /path/to/sxr/.venv
71 INFO: wrote /private/tmp/sxr-astra-bundle/build/sxr-0.12.2-macos-arm64/sxr-python.spec
78 INFO: Removing temporary files and cleaning cache in /private/tmp/sxr-astra-pyinstaller/pyinstaller
165 INFO: Module search paths (PYTHONPATH):
['/path/to/sxr',
 '/private/tmp/sxr-audit-packaging-deps',
 '/path/to/sxr/src',
 '/home/user/.local/share/uv/python/cpython-3.14.2-macos-aarch64-none/lib/python314.zip',
 '/home/user/.local/share/uv/python/cpython-3.14.2-macos-aarch64-none/lib/python3.14',
 '/home/user/.local/share/uv/python/cpython-3.14.2-macos-aarch64-none/lib/python3.14/lib-dynload',
 '/path/to/sxr/.venv/lib/python3.14/site-packages',
 '/path/to/sxr/packaging',
 '/path/to/sxr/src']
259 INFO: Appending 'datas' from .spec
260 INFO: checking Analysis
260 INFO: Building Analysis because Analysis-00.toc is non existent
260 INFO: Looking for Python shared library...
263 INFO: Using Python shared library: /home/user/.local/share/uv/python/cpython-3.14.2-macos-aarch64-none/lib/libpython3.14.dylib
263 INFO: Running Analysis Analysis-00.toc
263 INFO: Target bytecode optimization level: 0
263 INFO: Initializing module dependency graph...
264 INFO: Initializing module graph hook caches...
273 INFO: Analyzing modules for base_library.zip ...
924 INFO: Processing standard module hook 'hook-encodings.py' from '/private/tmp/sxr-audit-packaging-deps/PyInstaller/hooks'
1122 INFO: Processing standard module hook 'hook-pickle.py' from '/private/tmp/sxr-audit-packaging-deps/PyInstaller/hooks'
1249 INFO: Processing standard module hook 'hook-math.py' from '/private/tmp/sxr-audit-packaging-deps/PyInstaller/hooks'
1319 INFO: Processing standard module hook 'hook-difflib.py' from '/private/tmp/sxr-audit-packaging-deps/PyInstaller/hooks'
1326 INFO: Processing standard module hook 'hook-heapq.py' from '/private/tmp/sxr-audit-packaging-deps/PyInstaller/hooks'
2727 INFO: Caching module dependency graph...
2740 INFO: Analyzing /path/to/sxr/packaging/entry.py
2771 INFO: Processing standard module hook 'hook-sqlite3.py' from '/private/tmp/sxr-audit-packaging-deps/PyInstaller/hooks'
3054 INFO: Processing standard module hook 'hook-sysconfig.py' from '/private/tmp/sxr-audit-packaging-deps/PyInstaller/hooks'
3064 INFO: Processing standard module hook 'hook-_osx_support.py' from '/private/tmp/sxr-audit-packaging-deps/PyInstaller/hooks'
3067 INFO: Processing standard module hook 'hook-_ctypes.py' from '/private/tmp/sxr-audit-packaging-deps/PyInstaller/hooks'
3075 INFO: Processing pre-safe-import-module hook 'hook-typing_extensions.py' from '/private/tmp/sxr-audit-packaging-deps/PyInstaller/hooks/pre_safe_import_module'
3076 INFO: SetuptoolsInfo: initializing cached setuptools info...
3442 INFO: Processing standard module hook 'hook-multiprocessing.util.py' from '/private/tmp/sxr-audit-packaging-deps/PyInstaller/hooks'
3512 INFO: Processing standard module hook 'hook-xml.py' from '/private/tmp/sxr-audit-packaging-deps/PyInstaller/hooks'
4061 INFO: Processing standard module hook 'hook-platform.py' from '/private/tmp/sxr-audit-packaging-deps/PyInstaller/hooks'
4128 INFO: Processing standard module hook 'hook-rich.py' from '/private/tmp/sxr-audit-packaging-deps/_pyinstaller_hooks_contrib/stdhooks'
4464 INFO: Processing standard module hook 'hook-pygments.py' from '/private/tmp/sxr-audit-packaging-deps/PyInstaller/hooks'
5460 INFO: Processing standard module hook 'hook-webbrowser.py' from '/private/tmp/sxr-audit-packaging-deps/PyInstaller/hooks'
5703 INFO: Processing module hooks (post-graph stage)...
7552 INFO: Performing binary vs. data reclassification (18 entries)
7567 INFO: Looking for ctypes DLLs
7583 INFO: Analyzing run-time hooks ...
7585 INFO: Including run-time hook 'pyi_rth_inspect.py' from '/private/tmp/sxr-audit-packaging-deps/PyInstaller/hooks/rthooks'
7586 INFO: Including run-time hook 'pyi_rth_pkgutil.py' from '/private/tmp/sxr-audit-packaging-deps/PyInstaller/hooks/rthooks'
7587 INFO: Including run-time hook 'pyi_rth_multiprocessing.py' from '/private/tmp/sxr-audit-packaging-deps/PyInstaller/hooks/rthooks'
7592 INFO: Creating base_library.zip...
7602 INFO: Looking for dynamic libraries
7608 INFO: Warnings written to /private/tmp/sxr-astra-bundle/build/sxr-0.12.2-macos-arm64/work/sxr-python/warn-sxr-python.txt
7624 INFO: Graph cross-reference written to /private/tmp/sxr-astra-bundle/build/sxr-0.12.2-macos-arm64/work/sxr-python/xref-sxr-python.html
7640 INFO: checking PYZ
7640 INFO: Building PYZ because PYZ-00.toc is non existent
7640 INFO: Building PYZ (ZlibArchive) /private/tmp/sxr-astra-bundle/build/sxr-0.12.2-macos-arm64/work/sxr-python/PYZ-00.pyz
8044 INFO: Building PYZ (ZlibArchive) /private/tmp/sxr-astra-bundle/build/sxr-0.12.2-macos-arm64/work/sxr-python/PYZ-00.pyz completed successfully.
8051 INFO: EXE target arch: arm64
8051 INFO: Code signing identity: None
8052 INFO: checking PKG
8052 INFO: Building PKG because PKG-00.toc is non existent
8052 INFO: Building PKG (CArchive) sxr-python.pkg
8062 INFO: Building PKG (CArchive) sxr-python.pkg completed successfully.
8062 INFO: Bootloader /private/tmp/sxr-audit-packaging-deps/PyInstaller/bootloader/Darwin-64bit/run
8062 INFO: checking EXE
8062 INFO: Building EXE because EXE-00.toc is non existent
8062 INFO: Building EXE from EXE-00.toc
8062 INFO: Copying bootloader EXE to /private/tmp/sxr-astra-bundle/build/sxr-0.12.2-macos-arm64/work/sxr-python/sxr-python
8064 INFO: Converting EXE to target arch (arm64)
8088 INFO: Removing signature(s) from EXE
8112 INFO: Modifying Mach-O image UUID(s) in EXE
8116 INFO: Appending PKG archive to EXE
8118 INFO: Fixing EXE headers for code signing
8123 INFO: Rewriting the executable's macOS SDK version (26.2.0) to match the SDK version of the Python library (15.5.0) in order to avoid inconsistent behavior and potential UI issues in the frozen application.
8124 INFO: Re-signing the EXE
8152 INFO: Building EXE from EXE-00.toc completed successfully.
8153 INFO: checking COLLECT
8153 INFO: Building COLLECT because COLLECT-00.toc is non existent
8153 INFO: Building COLLECT COLLECT-00.toc
8352 INFO: Building COLLECT COLLECT-00.toc completed successfully.
8353 INFO: Build complete! The results are available in: /private/tmp/sxr-astra-bundle/build/sxr-0.12.2-macos-arm64
sxr 0.12.2
/private/tmp/sxr-astra-bundle/sxr-0.12.2-macos-arm64.tar.gz
