PASSED HELP-root
PASSED HELP-list
PASSED HELP-show
PASSED HELP-prompts
PASSED HELP-cmds
PASSED HELP-errors
PASSED HELP-tools
PASSED HELP-stats
PASSED HELP-path
PASSED HELP-grep
PASSED HELP-find
PASSED HELP-index
PASSED HELP-skills
PASSED HELP-secrets
PASSED HELP-init
PASSED HELP-serve
PASSED HELP-secrets-clean
PASSED VERSION
PASSED LIST-default
PASSED LIST-provider
PASSED SELECT-range
PASSED SELECT-identities
PASSED FIND-roundtrip
PASSED FIND-paths
PASSED FIND-freshness
PASSED FIND-exclusion
PASSED FIND-unicode-evidence
PASSED GREP-modes
PASSED GREP-cache-parity
PASSED READ-provider-outcomes
PASSED PROMPTS-filter
PASSED LIMIT-json-show
PASSED LIMIT-json-prompts
PASSED LIMIT-json-errors
PASSED LIMIT-json-cmds
PASSED LIMIT-errors-scope
PASSED LIMIT-errors-notice
PASSED LIMIT-tools
PASSED LIMIT-stats
PASSED LIMIT-path
PASSED LIMIT-secrets-notice
PASSED SHOW-full
PASSED SHOW-zoom
PASSED SHOW-empty
PASSED SHOW-tail-zero
PASSED USAGE-negative-limit-list
PASSED USAGE-negative-limit-show
PASSED USAGE-negative-limit-prompts
PASSED USAGE-negative-limit-errors
PASSED USAGE-negative-limit-tools
PASSED USAGE-negative-limit-stats
PASSED USAGE-negative-limit-cmds
PASSED TIME-fraction
PASSED TIME-offset
PASSED TOOLS-skill-count
PASSED ERRORS-api-error
PASSED SECRETS-dry-apply
PASSED SECRETS-write-input
PASSED FORMAT-clean-json
PASSED SKILLS-workflow
PASSED INIT-workflow
PASSED INDEX-clear
PASSED USAGE-invalid-json-record
PASSED INIT-file-error
PASSED FIND-unicode-match
PASSED FORMAT-path-json
PASSED LIMIT-clean
